Requirement already satisfied: pip in ./venv/lib/python3.14/site-packages (26.1.2)
Collecting fabric @ git+https://github.com/Fabric-Development/fabric.git@23cab85fc61f1cdbb5f60db0027dc57026ba05b7 (from -r /home/dani77/.config/fabric-d77/requirements.txt (line 3))
  Using cached fabric-0.0.2-py3-none-any.whl
Collecting cffi==2.0.0 (from -r /home/dani77/.config/fabric-d77/requirements.txt (line 1))
  Using cached cffi-2.0.0-cp314-cp314-manylinux2014_x86_64.manylinux_2_17_x86_64.whl.metadata (2.6 kB)
Collecting click==8.4.1 (from -r /home/dani77/.config/fabric-d77/requirements.txt (line 2))
  Using cached click-8.4.1-py3-none-any.whl.metadata (2.6 kB)
Collecting loguru==0.7.3 (from -r /home/dani77/.config/fabric-d77/requirements.txt (line 4))
  Using cached loguru-0.7.3-py3-none-any.whl.metadata (22 kB)
Collecting pillow==12.2.0 (from -r /home/dani77/.config/fabric-d77/requirements.txt (line 5))
  Using cached pillow-12.2.0-cp314-cp314-manylinux_2_27_x86_64.manylinux_2_28_x86_64.whl.metadata (8.8 kB)
Collecting psutil==7.2.2 (from -r /home/dani77/.config/fabric-d77/requirements.txt (line 6))
  Using cached psutil-7.2.2-cp36-abi3-manylinux2010_x86_64.manylinux_2_12_x86_64.manylinux_2_28_x86_64.whl.metadata (22 kB)
Collecting pycairo==1.29.0 (from -r /home/dani77/.config/fabric-d77/requirements.txt (line 7))
  Using cached pycairo-1.29.0-cp314-cp314-linux_x86_64.whl
Collecting pycparser==3.0 (from -r /home/dani77/.config/fabric-d77/requirements.txt (line 8))
  Using cached pycparser-3.0-py3-none-any.whl.metadata (8.2 kB)
Collecting PyGObject==3.50.0 (from -r /home/dani77/.config/fabric-d77/requirements.txt (line 9))
  Using cached pygobject-3.50.0-cp314-cp314-linux_x86_64.whl
Collecting python-pam==2.0.2 (from -r /home/dani77/.config/fabric-d77/requirements.txt (line 10))
  Using cached python_pam-2.0.2-py3-none-any.whl.metadata (3.5 kB)
Collecting RapidFuzz==3.14.5 (from -r /home/dani77/.config/fabric-d77/requirements.txt (line 11))
  Using cached rapidfuzz-3.14.5-cp314-cp314-manylinux_2_27_x86_64.manylinux_2_28_x86_64.whl.metadata (12 kB)
Collecting setproctitle==1.3.7 (from -r /home/dani77/.config/fabric-d77/requirements.txt (line 12))
  Using cached setproctitle-1.3.7-cp314-cp314-manylinux1_x86_64.manylinux_2_28_x86_64.manylinux_2_5_x86_64.whl.metadata (10 kB)
Collecting six==1.17.0 (from -r /home/dani77/.config/fabric-d77/requirements.txt (line 13))
  Using cached six-1.17.0-py2.py3-none-any.whl.metadata (1.7 kB)
Collecting thefuzz==0.22.1 (from -r /home/dani77/.config/fabric-d77/requirements.txt (line 14))
  Using cached thefuzz-0.22.1-py3-none-any.whl.metadata (3.9 kB)
Using cached cffi-2.0.0-cp314-cp314-manylinux2014_x86_64.manylinux_2_17_x86_64.whl (219 kB)
Using cached click-8.4.1-py3-none-any.whl (116 kB)
Using cached loguru-0.7.3-py3-none-any.whl (61 kB)
Using cached pillow-12.2.0-cp314-cp314-manylinux_2_27_x86_64.manylinux_2_28_x86_64.whl (7.1 MB)
Using cached psutil-7.2.2-cp36-abi3-manylinux2010_x86_64.manylinux_2_12_x86_64.manylinux_2_28_x86_64.whl (155 kB)
Using cached pycparser-3.0-py3-none-any.whl (48 kB)
Using cached python_pam-2.0.2-py3-none-any.whl (10 kB)
Using cached rapidfuzz-3.14.5-cp314-cp314-manylinux_2_27_x86_64.manylinux_2_28_x86_64.whl (3.2 MB)
Using cached setproctitle-1.3.7-cp314-cp314-manylinux1_x86_64.manylinux_2_28_x86_64.manylinux_2_5_x86_64.whl (33 kB)
Using cached six-1.17.0-py2.py3-none-any.whl (11 kB)
Using cached thefuzz-0.22.1-py3-none-any.whl (8.2 kB)
Installing collected packages: python-pam, six, setproctitle, RapidFuzz, pycparser, pycairo, psutil, pillow, loguru, click, thefuzz, PyGObject, cffi, fabric

Successfully installed PyGObject-3.50.0 RapidFuzz-3.14.5 cffi-2.0.0 click-8.4.1 fabric-0.0.2 loguru-0.7.3 pillow-12.2.0 psutil-7.2.2 pycairo-1.29.0 pycparser-3.0 python-pam-2.0.2 setproctitle-1.3.7 six-1.17.0 thefuzz-0.22.1
